// Jest Snapshot v1, https://goo.gl/fbAQLP

exports[`getReturnOfExpression(increment) 1`] = `"{ type: \\"INCREMENT\\"; }"`;
